// Jest Snapshot v1, https://goo.gl/fbAQLP

exports[`<TextField /> Renders with error 1`] = `
.c7 {
  display: inline-block;
  vertical-align: middle;
  overflow: hidden;
}

.c0 .c3 {
  border-color: #FF6347;
}

.c0 .c5,
.c0 .c1 {
  color: #FF6347;
}

.c4 {
  display: -webkit-box;
  display: -webkit-flex;
  display: -ms-flexbox;
  display: flex;
  -webkit-flex-direction: row;
  -ms-flex-direction: row;
  flex-direction: row;
  background: #EAEAEA;
  border-radius: 0.2rem;
  padding: 0 1.6rem;
  border: 0.2rem solid;
  border-color: #EAEAEA;
}

.c4:focus-within {
  box-shadow: 0 0 0.5rem #F231A5;
}

.c6 {
  color: #8F8F8F;
  display: -webkit-box;
  display: -webkit-flex;
  display: -ms-flexbox;
  display: flex;
  width: 2.2rem;
}

.c6 > svg {
  -webkit-transform: translateY(1px);
  -ms-transform: translateY(1px);
  transform: translateY(1px);
  width: 100%;
}

.c8 {
  color: #030517;
  font-family: Poppins,-apple-system,BlinkMacSystemFont,'Segoe UI',Roboto,Oxygen,Ubuntu,Cantarell,'Open Sans','Helvetica Neue',sans-serif;
  font-size: 1.6rem;
  padding: 0.8rem;
  background: transparent;
  border: 0;
  outline: none;
  width: 100%;
}

.c2 {
  font-size: 1.4rem;
  color: #030517;
  cursor: pointer;
}

.c9 {
  color: #FF6347;
  font-size: 1.2rem;
}

<div
  class="c0"
>
  <label
    class="c1 c2"
    for="TextField"
  >
    TextField
  </label>
  <div
    class="c3 c4"
  >
    <div
      class="c5 c6"
    >
      <svg
        aria-hidden="true"
        class="c7"
        data-testid="icon"
        fill="currentColor"
        focusable="false"
        viewBox="0 0 24 24"
        xmlns="http://www.w3.org/2000/svg"
      >
        <path
          d="M0 0h24v24H0z"
          fill="none"
        />
        <path
          d="M20 4H4c-1.1 0-1.99.9-1.99 2L2 18c0 1.1.9 2 2 2h16c1.1 0 2-.9 2-2V6c0-1.1-.9-2-2-2zm0 4l-8 5-8-5V6l8 5 8-5v2z"
        />
      </svg>
    </div>
    <input
      class="c8"
      id="TextField"
      type="text"
      value=""
    />
  </div>
  <p
    class="c9"
  >
    Error message
  </p>
</div>
`;
